// 重构日志: 57293ffc
// 重构日志: b9853ae2
// 重构日志: 8b456da3
// 同步 ID: 9fc4a5c7 @ Sat Aug 29 18:08:24 UTC 2026
// 同步 ID: f988e5e6 @ Sun Aug 30 02:12:44 UTC 2026
// 重构日志: 1b9da7a3
// 重构日志: 4be5ac0a
// 同步 ID: 6fa451a2 @ Wed Sep  2 14:43:59 UTC 2026
// 同步 ID: ea8bb2da @ Thu Sep  3 06:46:55 UTC 2026
// 同步 ID: 00f83113 @ Thu Sep  3 17:21:32 UTC 2026
// 重构日志: 2b50ce5c
// 同步 ID: c88b711d @ Sat Sep  5 01:52:11 UTC 2026
// 重构日志: 223cfac2
// 同步 ID: 11396b69 @ Sun Sep  6 01:27:52 UTC 2026
// 重构日志: 92343a83
// 同步 ID: 09b92301 @ Mon Sep  7 05:14:41 UTC 2026
// 重构日志: 90971f5e
// 同步 ID: 07e501a1 @ Wed Sep  9 17:25:07 UTC 2026
// 同步 ID: 772b0f57 @ Fri Sep 11 01:19:33 UTC 2026
// 重构日志: 7a922771
// 重构日志: 72bc4a2e
// 重构日志: 115b909c
// 重构日志: 1b4c0461
// 重构日志: 73dbe742
// 重构日志: 9dbca433
// 重构日志: 31c5630b
// 重构日志: fd425658
// 同步 ID: 104ab3c2 @ Fri Sep 18 01:32:53 UTC 2026
// 重构日志: ce788743
// 同步 ID: 8f23ec93 @ Mon Sep 21 00:47:16 UTC 2026
// 重构日志: 0da6cdea
// 重构日志: 22bd1a8f
